2026-08-31 00:37:30,706 | INFO | main | === Memulai pipeline Mining Notísia untuk feed: https://tatoli.tl/feed/ ===
2026-08-31 00:37:30,711 | INFO | main | [1/5] Mengambil RSS feed ...
2026-08-31 00:37:31,551 | INFO | rss_scraper | Berhasil mengambil 10 entri dari feed https://tatoli.tl/feed/
2026-08-31 00:37:31,649 | INFO | rss_scraper | Snapshot disimpan: C:\Users\Juni\Videos\k\news_topic_mining\data/raw\tatoli_20260831_003731.csv | C:\Users\Juni\Videos\k\news_topic_mining\data/raw\tatoli_20260831_003731.json. Master file kini berisi 10 berita unik.
2026-08-31 00:37:31,650 | INFO | main | Berita baru pada run ini: 10 | Total berita unik terkumpul: 10
2026-08-31 00:37:31,652 | INFO | main | [2/5] Menjalankan preprocessing teks (cleaning + stemming) ...
2026-08-31 00:37:31,730 | INFO | preprocessing | Memuat 10 berita mentah dari C:\Users\Juni\Videos\k\news_topic_mining\data/raw\tatoli_master.csv
2026-08-31 00:37:34,694 | INFO | preprocessing | Preprocessing selesai. 10 berita tersisa setelah pembersihan.
2026-08-31 00:37:34,741 | INFO | preprocessing | Data bersih disimpan ke C:\Users\Juni\Videos\k\news_topic_mining\data/cleaned\tatoli_cleaned_20260831_003734.csv (snapshot) dan C:\Users\Juni\Videos\k\news_topic_mining\data/cleaned\tatoli_cleaned_master.csv (master)
2026-08-31 00:37:34,867 | INFO | main | [3/5] Membangun representasi TF-IDF ...
2026-08-31 00:37:34,987 | INFO | tfidf_vectorizer | TF-IDF dibangun: 10 dokumen x 715 fitur (min_df=1)
2026-08-31 00:37:35,150 | INFO | tfidf_vectorizer | TF-IDF vectorizer disimpan ke C:\Users\Juni\Videos\k\news_topic_mining\data/models\tatoli_tfidf_vectorizer.joblib
2026-08-31 00:37:35,154 | INFO | main | [4/5] Menjalankan clustering K-Means untuk deteksi topik ...
2026-08-31 00:37:50,512 | INFO | kmeans_model | k=2 -> silhouette=0.0265 | inertia=7.39
2026-08-31 00:37:50,651 | INFO | kmeans_model | k=3 -> silhouette=0.0211 | inertia=6.44
2026-08-31 00:37:50,827 | INFO | kmeans_model | k=4 -> silhouette=0.0246 | inertia=5.44
2026-08-31 00:37:51,686 | INFO | kmeans_model | k=5 -> silhouette=0.0228 | inertia=4.49
2026-08-31 00:37:51,901 | INFO | kmeans_model | k=6 -> silhouette=0.0234 | inertia=3.49
2026-08-31 00:37:52,254 | INFO | kmeans_model | k=7 -> silhouette=0.0305 | inertia=2.49
2026-08-31 00:37:52,609 | INFO | kmeans_model | k=8 -> silhouette=0.0243 | inertia=1.60
2026-08-31 00:37:52,957 | INFO | kmeans_model | k=9 -> silhouette=0.0149 | inertia=0.72
2026-08-31 00:37:52,960 | INFO | kmeans_model | K optimal terpilih: 7 (silhouette=0.0305)
2026-08-31 00:37:52,968 | INFO | kmeans_model | Model KMeans disimpan ke C:\Users\Juni\Videos\k\news_topic_mining\data/models\tatoli_kmeans.joblib
2026-08-31 00:37:52,981 | INFO | main | [5/5] Mengekstrak kata kunci tiap topik ...
2026-08-31 00:37:53,014 | INFO | keyword_extractor | Keyword/topik disimpan ke C:\Users\Juni\Videos\k\news_topic_mining\data/keywords\tatoli_keywords_20260831_003752.json (dan C:\Users\Juni\Videos\k\news_topic_mining\data/keywords\tatoli_keywords_latest.json)
2026-08-31 00:37:53,014 | INFO | main | === Pipeline selesai ===
2026-08-31 00:42:46,094 | INFO | main | === Memulai pipeline Mining Notísia untuk feed: https://tatoli.tl/feed/ ===
2026-08-31 00:42:46,095 | INFO | main | [1/5] Mengambil RSS feed ...
2026-08-31 00:43:09,571 | WARNING | rss_scraper | Percobaan 1/3 gagal mengambil feed https://tatoli.tl/feed/: HTTPSConnectionPool(host='tatoli.tl', port=443): Read timed out.
2026-08-31 00:43:31,738 | WARNING | rss_scraper | Percobaan 2/3 gagal mengambil feed https://tatoli.tl/feed/: HTTPSConnectionPool(host='tatoli.tl', port=443): Read timed out. (read timeout=20)
2026-08-31 00:43:43,219 | INFO | rss_scraper | Berhasil mengambil 10 entri dari feed https://tatoli.tl/feed/
2026-08-31 00:43:43,259 | INFO | rss_scraper | Snapshot disimpan: C:\Users\Juni\Videos\k\news_topic_mining\data/raw\tatoli_20260831_004343.csv | C:\Users\Juni\Videos\k\news_topic_mining\data/raw\tatoli_20260831_004343.json. Master file kini berisi 10 berita unik.
2026-08-31 00:43:43,261 | INFO | main | Berita baru pada run ini: 10 | Total berita unik terkumpul: 10
2026-08-31 00:43:43,262 | INFO | main | [2/5] Menjalankan preprocessing teks (cleaning + stemming) ...
2026-08-31 00:43:43,280 | INFO | preprocessing | Memuat 10 berita mentah dari C:\Users\Juni\Videos\k\news_topic_mining\data/raw\tatoli_master.csv
2026-08-31 00:43:43,295 | INFO | preprocessing | Preprocessing selesai. 10 berita tersisa setelah pembersihan.
2026-08-31 00:43:43,352 | INFO | preprocessing | Data bersih disimpan ke C:\Users\Juni\Videos\k\news_topic_mining\data/cleaned\tatoli_cleaned_20260831_004343.csv (snapshot) dan C:\Users\Juni\Videos\k\news_topic_mining\data/cleaned\tatoli_cleaned_master.csv (master)
2026-08-31 00:43:43,413 | INFO | main | [3/5] Membangun representasi TF-IDF ...
2026-08-31 00:43:43,422 | INFO | tfidf_vectorizer | TF-IDF dibangun: 10 dokumen x 715 fitur (min_df=1)
2026-08-31 00:43:43,487 | INFO | tfidf_vectorizer | TF-IDF vectorizer disimpan ke C:\Users\Juni\Videos\k\news_topic_mining\data/models\tatoli_tfidf_vectorizer.joblib
2026-08-31 00:43:43,490 | INFO | main | [4/5] Menjalankan clustering K-Means untuk deteksi topik ...
2026-08-31 00:43:43,564 | INFO | kmeans_model | k=2 -> silhouette=0.0265 | inertia=7.39
2026-08-31 00:43:43,657 | INFO | kmeans_model | k=3 -> silhouette=0.0211 | inertia=6.44
2026-08-31 00:43:43,756 | INFO | kmeans_model | k=4 -> silhouette=0.0246 | inertia=5.44
2026-08-31 00:43:43,873 | INFO | kmeans_model | k=5 -> silhouette=0.0228 | inertia=4.49
2026-08-31 00:43:44,035 | INFO | kmeans_model | k=6 -> silhouette=0.0234 | inertia=3.49
2026-08-31 00:43:44,181 | INFO | kmeans_model | k=7 -> silhouette=0.0305 | inertia=2.49
2026-08-31 00:43:44,671 | INFO | kmeans_model | k=8 -> silhouette=0.0243 | inertia=1.60
2026-08-31 00:43:44,950 | INFO | kmeans_model | k=9 -> silhouette=0.0149 | inertia=0.72
2026-08-31 00:43:44,952 | INFO | kmeans_model | K optimal terpilih: 7 (silhouette=0.0305)
2026-08-31 00:43:44,960 | INFO | kmeans_model | Model KMeans disimpan ke C:\Users\Juni\Videos\k\news_topic_mining\data/models\tatoli_kmeans.joblib
2026-08-31 00:43:44,972 | INFO | main | [5/5] Mengekstrak kata kunci tiap topik ...
2026-08-31 00:43:44,997 | INFO | keyword_extractor | Keyword/topik disimpan ke C:\Users\Juni\Videos\k\news_topic_mining\data/keywords\tatoli_keywords_20260831_004344.json (dan C:\Users\Juni\Videos\k\news_topic_mining\data/keywords\tatoli_keywords_latest.json)
2026-08-31 00:43:44,999 | INFO | main | === Pipeline selesai ===
2026-08-31 01:28:04,854 | INFO | main | === Memulai pipeline Mining Notísia untuk feed: https://tatoli.tl/feed/ ===
2026-08-31 01:28:04,861 | INFO | main | [1/5] Mengambil RSS feed ...
2026-08-31 01:28:38,337 | WARNING | rss_scraper | Percobaan 1/3 gagal mengambil feed https://tatoli.tl/feed/: HTTPSConnectionPool(host='tatoli.tl', port=443): Read timed out.
2026-08-31 01:28:41,008 | INFO | rss_scraper | Berhasil mengambil 10 entri dari feed https://tatoli.tl/feed/
2026-08-31 01:28:41,045 | INFO | rss_scraper | Snapshot disimpan: C:\Users\Juni\Videos\k\news_topic_mining\data/raw\tatoli_20260831_012841.csv | C:\Users\Juni\Videos\k\news_topic_mining\data/raw\tatoli_20260831_012841.json. Master file kini berisi 10 berita unik.
2026-08-31 01:28:41,047 | INFO | main | Berita baru pada run ini: 10 | Total berita unik terkumpul: 10
2026-08-31 01:28:41,050 | INFO | main | [2/5] Menjalankan preprocessing teks (cleaning + stemming) ...
2026-08-31 01:28:41,064 | INFO | preprocessing | Memuat 10 berita mentah dari C:\Users\Juni\Videos\k\news_topic_mining\data/raw\tatoli_master.csv
2026-08-31 01:28:42,244 | INFO | preprocessing | Preprocessing selesai. 10 berita tersisa setelah pembersihan.
2026-08-31 01:28:42,269 | INFO | preprocessing | Data bersih disimpan ke C:\Users\Juni\Videos\k\news_topic_mining\data/cleaned\tatoli_cleaned_20260831_012842.csv (snapshot) dan C:\Users\Juni\Videos\k\news_topic_mining\data/cleaned\tatoli_cleaned_master.csv (master)
2026-08-31 01:28:42,364 | INFO | main | [3/5] Membangun representasi TF-IDF ...
2026-08-31 01:28:42,395 | INFO | tfidf_vectorizer | TF-IDF dibangun: 10 dokumen x 715 fitur (min_df=1)
2026-08-31 01:28:42,724 | INFO | tfidf_vectorizer | TF-IDF vectorizer disimpan ke C:\Users\Juni\Videos\k\news_topic_mining\data/models\tatoli_tfidf_vectorizer.joblib
2026-08-31 01:28:42,733 | INFO | main | [4/5] Menjalankan clustering K-Means untuk deteksi topik ...
2026-08-31 01:28:48,521 | INFO | kmeans_model | k=2 -> silhouette=0.0265 | inertia=7.39
2026-08-31 01:28:48,617 | INFO | kmeans_model | k=3 -> silhouette=0.0211 | inertia=6.44
2026-08-31 01:28:48,719 | INFO | kmeans_model | k=4 -> silhouette=0.0246 | inertia=5.44
2026-08-31 01:28:48,822 | INFO | kmeans_model | k=5 -> silhouette=0.0228 | inertia=4.49
2026-08-31 01:28:48,957 | INFO | kmeans_model | k=6 -> silhouette=0.0234 | inertia=3.49
2026-08-31 01:28:49,156 | INFO | kmeans_model | k=7 -> silhouette=0.0305 | inertia=2.49
2026-08-31 01:28:49,349 | INFO | kmeans_model | k=8 -> silhouette=0.0243 | inertia=1.60
2026-08-31 01:28:49,525 | INFO | kmeans_model | k=9 -> silhouette=0.0149 | inertia=0.72
2026-08-31 01:28:49,526 | INFO | kmeans_model | K optimal terpilih: 7 (silhouette=0.0305)
2026-08-31 01:28:49,534 | INFO | kmeans_model | Model KMeans disimpan ke C:\Users\Juni\Videos\k\news_topic_mining\data/models\tatoli_kmeans.joblib
2026-08-31 01:28:49,547 | INFO | main | [5/5] Mengekstrak kata kunci tiap topik ...
2026-08-31 01:28:49,560 | INFO | keyword_extractor | Keyword/topik disimpan ke C:\Users\Juni\Videos\k\news_topic_mining\data/keywords\tatoli_keywords_20260831_012849.json (dan C:\Users\Juni\Videos\k\news_topic_mining\data/keywords\tatoli_keywords_latest.json)
2026-08-31 01:28:49,572 | INFO | main | === Pipeline selesai ===
2026-08-31 01:48:32,111 | INFO | main | === Memulai pipeline Mining Notísia untuk feed: https://tatoli.tl/feed/ ===
2026-08-31 01:48:32,111 | INFO | main | [1/5] Mengambil RSS feed ...
2026-08-31 01:48:52,756 | INFO | rss_scraper | Berhasil mengambil 10 entri dari feed https://tatoli.tl/feed/
2026-08-31 01:48:52,795 | INFO | rss_scraper | Snapshot disimpan: C:\Users\Juni\Videos\k\news_topic_mining\data/raw\tatoli_20260831_014852.csv | C:\Users\Juni\Videos\k\news_topic_mining\data/raw\tatoli_20260831_014852.json. Master file kini berisi 10 berita unik.
2026-08-31 01:48:52,796 | INFO | main | Berita baru pada run ini: 10 | Total berita unik terkumpul: 10
2026-08-31 01:48:52,797 | INFO | main | [2/5] Menjalankan preprocessing teks (cleaning + stemming) ...
2026-08-31 01:48:52,806 | INFO | preprocessing | Memuat 10 berita mentah dari C:\Users\Juni\Videos\k\news_topic_mining\data/raw\tatoli_master.csv
2026-08-31 01:48:53,867 | INFO | preprocessing | Preprocessing selesai. 10 berita tersisa setelah pembersihan.
2026-08-31 01:48:53,881 | INFO | preprocessing | Data bersih disimpan ke C:\Users\Juni\Videos\k\news_topic_mining\data/cleaned\tatoli_cleaned_20260831_014853.csv (snapshot) dan C:\Users\Juni\Videos\k\news_topic_mining\data/cleaned\tatoli_cleaned_master.csv (master)
2026-08-31 01:48:54,009 | INFO | main | [3/5] Membangun representasi TF-IDF ...
2026-08-31 01:48:54,019 | INFO | tfidf_vectorizer | TF-IDF dibangun: 10 dokumen x 715 fitur (min_df=1)
2026-08-31 01:48:54,110 | INFO | tfidf_vectorizer | TF-IDF vectorizer disimpan ke C:\Users\Juni\Videos\k\news_topic_mining\data/models\tatoli_tfidf_vectorizer.joblib
2026-08-31 01:48:54,110 | INFO | main | [4/5] Menjalankan clustering K-Means untuk deteksi topik ...
2026-08-31 01:48:59,441 | INFO | kmeans_model | k=4 -> silhouette=0.0246 | inertia=5.44
2026-08-31 01:48:59,532 | INFO | kmeans_model | k=5 -> silhouette=0.0228 | inertia=4.49
2026-08-31 01:48:59,629 | INFO | kmeans_model | k=6 -> silhouette=0.0234 | inertia=3.49
2026-08-31 01:48:59,730 | INFO | kmeans_model | k=7 -> silhouette=0.0305 | inertia=2.49
2026-08-31 01:48:59,861 | INFO | kmeans_model | k=8 -> silhouette=0.0243 | inertia=1.60
2026-08-31 01:48:59,982 | INFO | kmeans_model | k=9 -> silhouette=0.0149 | inertia=0.72
2026-08-31 01:48:59,982 | INFO | kmeans_model | K optimal terpilih: 7 (silhouette=0.0305)
2026-08-31 01:48:59,999 | INFO | kmeans_model | Model KMeans disimpan ke C:\Users\Juni\Videos\k\news_topic_mining\data/models\tatoli_kmeans.joblib
2026-08-31 01:49:00,006 | INFO | main | [5/5] Mengekstrak kata kunci tiap topik ...
2026-08-31 01:49:00,036 | INFO | keyword_extractor | Keyword/topik disimpan ke C:\Users\Juni\Videos\k\news_topic_mining\data/keywords\tatoli_keywords_20260831_014900.json (dan C:\Users\Juni\Videos\k\news_topic_mining\data/keywords\tatoli_keywords_latest.json)
2026-08-31 01:49:00,049 | INFO | main | === Pipeline selesai ===
2026-08-31 06:45:18,350 | INFO | main | === Memulai pipeline Mining Notísia (mode=full) untuk feed: https://tatoli.tl/feed/ ===
2026-08-31 06:45:18,350 | INFO | main | [1/5] Mengambil RSS (discovery) + scraping isi artikel lengkap ...
2026-08-31 06:45:21,482 | INFO | rss_scraper | Berhasil mengambil 10 entri dari feed https://tatoli.tl/feed/
2026-08-31 06:45:21,708 | INFO | web_scraper | Discovery: 10 entri dari RSS, 10 di antaranya baru & akan di-scrape penuh.
2026-08-31 06:45:30,932 | INFO | web_scraper | Scraped [1/10]: Loron Konsulta Populár “Pinta raan ba Ukun-Rasik-An” (11819 karakter konten)
2026-08-31 06:45:35,472 | INFO | web_scraper | Scraped [2/10]: PM Xanana vizita CTC Bali, hametin protesaun biodiversidade  (2369 karakter konten)
2026-08-31 06:45:53,819 | INFO | web_scraper | Scraped [3/10]: PM Xanana simu restu mortál bispu na’in-tolu iha Bali no 1 s (4886 karakter konten)
2026-08-31 06:45:58,545 | INFO | web_scraper | Scraped [4/10]: Tinan 27 Konsulta Populár: Salvaguarda liberdade no unidade  (2687 karakter konten)
2026-08-31 06:46:09,622 | INFO | web_scraper | Scraped [5/10]: Númeru mate iha Nepál sa’e ba 579, Obriga partidu polítiku s (1355 karakter konten)
2026-08-31 06:46:14,462 | INFO | web_scraper | Scraped [6/10]: Venezuela anunsia akordu petrolíferu ho EUA (1624 karakter konten)
2026-08-31 06:46:20,023 | INFO | web_scraper | Scraped [7/10]: Xanana dezloka bá Indonézia kontinua negosiasaun ronda dahaa (8100 karakter konten)
2026-08-31 06:46:33,655 | INFO | web_scraper | Scraped [8/10]: Cristina Ximenes sai primeiru lugar iha kompetisaun hakerek  (3565 karakter konten)
2026-08-31 06:46:40,093 | INFO | web_scraper | Scraped [9/10]: “Konsulta populár loron istóriku ne’ebé lori ita halo refles (3606 karakter konten)
2026-08-31 06:46:49,533 | INFO | web_scraper | Scraped [10/10]: FFTL selebra kontratu ho Treinadór 24 ba Sentru Juvenil iha  (2651 karakter konten)
2026-08-31 06:46:51,089 | INFO | rss_scraper | Snapshot disimpan: C:\Users\Juni\Videos\k\news_topic_mining\data/raw\tatoli_20260831_064651.csv | C:\Users\Juni\Videos\k\news_topic_mining\data/raw\tatoli_20260831_064651.json. Master file kini berisi 10 berita unik.
2026-08-31 06:46:51,090 | INFO | main | Artikel baru di-scrape penuh: 10 (gagal: 0) | Total berita unik: 10
2026-08-31 06:46:51,090 | INFO | main | [2/5] Menjalankan preprocessing teks (cleaning + stemming) ...
2026-08-31 06:46:51,143 | INFO | preprocessing | Memuat 10 berita mentah dari C:\Users\Juni\Videos\k\news_topic_mining\data/raw\tatoli_master.csv
2026-08-31 06:46:53,042 | INFO | preprocessing | Preprocessing selesai. 10 berita tersisa setelah pembersihan.
2026-08-31 06:46:53,058 | INFO | preprocessing | Data bersih disimpan ke C:\Users\Juni\Videos\k\news_topic_mining\data/cleaned\tatoli_cleaned_20260831_064653.csv (snapshot) dan C:\Users\Juni\Videos\k\news_topic_mining\data/cleaned\tatoli_cleaned_master.csv (master)
2026-08-31 06:46:53,121 | INFO | main | [3/5] Membangun representasi TF-IDF ...
2026-08-31 06:46:53,160 | INFO | tfidf_vectorizer | TF-IDF dibangun: 10 dokumen x 715 fitur (min_df=1)
2026-08-31 06:46:53,338 | INFO | tfidf_vectorizer | TF-IDF vectorizer disimpan ke C:\Users\Juni\Videos\k\news_topic_mining\data/models\tatoli_tfidf_vectorizer.joblib
2026-08-31 06:46:53,378 | INFO | main | [4/5] Menjalankan clustering K-Means untuk deteksi topik ...
2026-08-31 06:47:05,170 | INFO | kmeans_model | k=2 -> silhouette=0.0265 | inertia=7.39
2026-08-31 06:47:05,226 | INFO | kmeans_model | k=3 -> silhouette=0.0211 | inertia=6.44
2026-08-31 06:47:05,325 | INFO | kmeans_model | k=4 -> silhouette=0.0246 | inertia=5.44
2026-08-31 06:47:05,401 | INFO | kmeans_model | k=5 -> silhouette=0.0228 | inertia=4.49
2026-08-31 06:47:05,490 | INFO | kmeans_model | k=6 -> silhouette=0.0234 | inertia=3.49
2026-08-31 06:47:05,593 | INFO | kmeans_model | k=7 -> silhouette=0.0305 | inertia=2.49
2026-08-31 06:47:05,707 | INFO | kmeans_model | k=8 -> silhouette=0.0243 | inertia=1.60
2026-08-31 06:47:05,837 | INFO | kmeans_model | k=9 -> silhouette=0.0149 | inertia=0.72
2026-08-31 06:47:05,837 | INFO | kmeans_model | K optimal terpilih: 7 (silhouette=0.0305)
2026-08-31 06:47:05,842 | INFO | kmeans_model | Model KMeans disimpan ke C:\Users\Juni\Videos\k\news_topic_mining\data/models\tatoli_kmeans.joblib
2026-08-31 06:47:05,851 | INFO | main | [5/5] Mengekstrak kata kunci tiap topik ...
2026-08-31 06:47:05,868 | INFO | keyword_extractor | Keyword/topik disimpan ke C:\Users\Juni\Videos\k\news_topic_mining\data/keywords\tatoli_keywords_20260831_064705.json (dan C:\Users\Juni\Videos\k\news_topic_mining\data/keywords\tatoli_keywords_latest.json)
2026-08-31 06:47:05,868 | INFO | main | === Pipeline selesai ===
2026-08-31 06:49:18,000 | INFO | main | === Memulai pipeline Mining Notísia (mode=full) untuk feed: https://tatoli.tl/feed/ ===
2026-08-31 06:49:18,000 | INFO | main | [1/5] Mengambil RSS (discovery) + scraping isi artikel lengkap ...
2026-08-31 06:49:24,008 | INFO | rss_scraper | Berhasil mengambil 10 entri dari feed https://tatoli.tl/feed/
2026-08-31 06:49:24,015 | INFO | web_scraper | Discovery: 10 entri dari RSS, 10 di antaranya baru & akan di-scrape penuh.
2026-08-31 06:49:27,946 | INFO | web_scraper | Scraped [1/10]: Loron Konsulta Populár “Pinta raan ba Ukun-Rasik-An” (11819 karakter konten)
2026-08-31 06:49:45,834 | WARNING | web_scraper | Gagal scraping artikel 'https://tatoli.tl/2026/08/30/pm-xanana-vizita-ctc-bali-hametin-protesaun-biodiversidade-marina/': ('Connection aborted.', RemoteDisconnected('Remote end closed connection without response')). Fallback ke ringkasan RSS.
2026-08-31 06:49:51,366 | INFO | web_scraper | Scraped [2/10]: PM Xanana simu restu mortál bispu na’in-tolu iha Bali no 1 s (4886 karakter konten)
2026-08-31 06:50:03,811 | INFO | web_scraper | Scraped [3/10]: Tinan 27 Konsulta Populár: Salvaguarda liberdade no unidade  (2687 karakter konten)
2026-08-31 06:50:26,682 | WARNING | web_scraper | Gagal scraping artikel 'https://tatoli.tl/2026/08/29/numeru-mate-iha-nepal-sae-ba-579-obriga-partidu-politiku-sira-adota-rezolusaun-pontu-10/': HTTPSConnectionPool(host='tatoli.tl', port=443): Read timed out.. Fallback ke ringkasan RSS.
2026-08-31 06:50:31,624 | INFO | web_scraper | Scraped [4/10]: Venezuela anunsia akordu petrolíferu ho EUA (1624 karakter konten)
2026-08-31 06:50:38,903 | INFO | web_scraper | Scraped [5/10]: Xanana dezloka bá Indonézia kontinua negosiasaun ronda dahaa (8100 karakter konten)
2026-08-31 06:50:46,190 | INFO | web_scraper | Scraped [6/10]: Cristina Ximenes sai primeiru lugar iha kompetisaun hakerek  (3565 karakter konten)
2026-08-31 06:50:50,680 | INFO | web_scraper | Scraped [7/10]: “Konsulta populár loron istóriku ne’ebé lori ita halo refles (3606 karakter konten)
2026-08-31 06:50:56,866 | INFO | web_scraper | Scraped [8/10]: FFTL selebra kontratu ho Treinadór 24 ba Sentru Juvenil iha  (2651 karakter konten)
2026-08-31 06:50:58,405 | INFO | rss_scraper | Snapshot disimpan: C:\Users\Juni\Videos\k\news_topic_mining\data/raw\tatoli_20260831_065058.csv | C:\Users\Juni\Videos\k\news_topic_mining\data/raw\tatoli_20260831_065058.json. Master file kini berisi 10 berita unik.
2026-08-31 06:50:58,405 | INFO | main | Artikel baru di-scrape penuh: 8 (gagal: 2) | Total berita unik: 10
2026-08-31 06:50:58,405 | INFO | main | [2/5] Menjalankan preprocessing teks (cleaning + stemming) ...
2026-08-31 06:50:58,427 | INFO | preprocessing | Memuat 10 berita mentah dari C:\Users\Juni\Videos\k\news_topic_mining\data/raw\tatoli_master.csv
2026-08-31 06:50:59,210 | INFO | preprocessing | Preprocessing selesai. 10 berita tersisa setelah pembersihan.
2026-08-31 06:50:59,210 | INFO | preprocessing | Data bersih disimpan ke C:\Users\Juni\Videos\k\news_topic_mining\data/cleaned\tatoli_cleaned_20260831_065059.csv (snapshot) dan C:\Users\Juni\Videos\k\news_topic_mining\data/cleaned\tatoli_cleaned_master.csv (master)
2026-08-31 06:50:59,270 | INFO | main | [3/5] Membangun representasi TF-IDF ...
2026-08-31 06:50:59,281 | INFO | tfidf_vectorizer | TF-IDF dibangun: 10 dokumen x 715 fitur (min_df=1)
2026-08-31 06:50:59,329 | INFO | tfidf_vectorizer | TF-IDF vectorizer disimpan ke C:\Users\Juni\Videos\k\news_topic_mining\data/models\tatoli_tfidf_vectorizer.joblib
2026-08-31 06:50:59,329 | INFO | main | [4/5] Menjalankan clustering K-Means untuk deteksi topik ...
2026-08-31 06:51:04,142 | INFO | kmeans_model | k=6 -> silhouette=0.0234 | inertia=3.49
2026-08-31 06:51:04,311 | INFO | kmeans_model | k=7 -> silhouette=0.0305 | inertia=2.49
2026-08-31 06:51:04,458 | INFO | kmeans_model | k=8 -> silhouette=0.0243 | inertia=1.60
2026-08-31 06:51:04,583 | INFO | kmeans_model | k=9 -> silhouette=0.0149 | inertia=0.72
2026-08-31 06:51:04,584 | INFO | kmeans_model | K optimal terpilih: 7 (silhouette=0.0305)
2026-08-31 06:51:04,588 | INFO | kmeans_model | Model KMeans disimpan ke C:\Users\Juni\Videos\k\news_topic_mining\data/models\tatoli_kmeans.joblib
2026-08-31 06:51:04,595 | INFO | main | [5/5] Mengekstrak kata kunci tiap topik ...
2026-08-31 06:51:04,609 | INFO | keyword_extractor | Keyword/topik disimpan ke C:\Users\Juni\Videos\k\news_topic_mining\data/keywords\tatoli_keywords_20260831_065104.json (dan C:\Users\Juni\Videos\k\news_topic_mining\data/keywords\tatoli_keywords_latest.json)
2026-08-31 06:51:04,609 | INFO | main | === Pipeline selesai ===
